[     0.0s] CALIBRATION base(4,3) = 0 want 0 -> OK
[     2.0s] CALIBRATION base(5,3) = 12 want 12 -> OK
[     2.0s] ### STAGE 1: (13,5) via Delta=5, which descends through (8,4) ###
[     2.0s]   (m=8,t>=4,maxdeg<=5) surviving Delta: [3]
[     2.2s]       base(m=5,t>=3,maxdeg<=3) level 2: 6
[     2.5s]       base(m=5,t>=3,maxdeg<=3) level 3: 7
[     3.5s]       base(m=5,t>=3,maxdeg<=3) level 4: 49
[     4.1s]       base(m=5,t>=3,maxdeg<=3) level 5: 12
[     4.1s]   base enumerate(m=5, tau>=3, maxdeg<=3) = 12
[   114.0s]     (m=8,t>=4,maxdeg<=5) Delta=3: 12 residuals -> 5 new
[   114.0s]   enumerate(m=8, tau>=4, maxdeg<=5) = 5 classes
[   114.0s] *** (8,4,<=5) = 5 classes [112.0s]
[   139.8s] *** (13,5) Delta=5 branch: 0 classes
[   139.8s] --- m=19 Delta=6 [from Delta=5 residuals]: 0 residuals, attaching 6-stars ---
[   139.8s] === m=19 Delta=6 [from Delta=5 residuals]: NO extension. CASE CLOSED. ===
[   139.8s] ### STAGE 2: (13,5) via Delta=4, which descends through (9,4) ###
[   139.8s]   (m=9,t>=4,maxdeg<=4) surviving Delta: [3, 4]
[   139.9s]       base(m=6,t>=3,maxdeg<=3) level 2: 6
[   140.5s]       base(m=6,t>=3,maxdeg<=3) level 3: 48
[   142.9s]       base(m=6,t>=3,maxdeg<=3) level 4: 508
[   170.7s]       base(m=6,t>=3,maxdeg<=3) level 5: 13789
[   287.1s]       base(m=6,t>=3,maxdeg<=3) level 6: 53906
[   288.2s]   base enumerate(m=6, tau>=3, maxdeg<=3) = 53906
